###############################################################################
#
# IAR ELF Linker V9.30.1.335/W64 for ARM                  29/Aug/2023  14:56:39
# Copyright 2007-2022 IAR Systems AB.
#
#    Output file  =
#        C:\Users\MARIANO\Desktop\GITHUB_PROJECTS\STM32_Projects\Flash_LED_using_PWM\EWARM\Debug\Exe\PWM_LED.out
#    Map file     =
#        C:\Users\MARIANO\Desktop\GITHUB_PROJECTS\STM32_Projects\Flash_LED_using_PWM\EWARM\Debug\List\PWM_LED.map
#    Command line =
#        -f
#        C:\Users\MARIANO\Desktop\GITHUB_PROJECTS\STM32_Projects\Flash_LED_using_PWM\EWARM\Debug\Exe\PWM_LED.out.rsp
#        (C:\Users\MARIANO\Desktop\GITHUB_PROJECTS\STM32_Projects\Flash_LED_using_PWM\EWARM\Debug\Obj\STM32_Lib\i2c-lcd.o
#        C:\Users\MARIANO\Desktop\GITHUB_PROJECTS\STM32_Projects\Flash_LED_using_PWM\EWARM\Debug\Obj\main.o
#        C:\Users\MARIANO\Desktop\GITHUB_PROJECTS\STM32_Projects\Flash_LED_using_PWM\EWARM\Debug\Obj\Startup\startup_stm32f103xb.o
#        C:\Users\MARIANO\Desktop\GITHUB_PROJECTS\STM32_Projects\Flash_LED_using_PWM\EWARM\Debug\Obj\STM32_Lib\stm32f1xx_hal.o
#        C:\Users\MARIANO\Desktop\GITHUB_PROJECTS\STM32_Projects\Flash_LED_using_PWM\EWARM\Debug\Obj\STM32_Lib\stm32f1xx_hal_cortex.o
#        C:\Users\MARIANO\Desktop\GITHUB_PROJECTS\STM32_Projects\Flash_LED_using_PWM\EWARM\Debug\Obj\STM32_Lib\stm32f1xx_hal_dma.o
#        C:\Users\MARIANO\Desktop\GITHUB_PROJECTS\STM32_Projects\Flash_LED_using_PWM\EWARM\Debug\Obj\STM32_Lib\stm32f1xx_hal_flash.o
#        C:\Users\MARIANO\Desktop\GITHUB_PROJECTS\STM32_Projects\Flash_LED_using_PWM\EWARM\Debug\Obj\STM32_Lib\stm32f1xx_hal_gpio.o
#        C:\Users\MARIANO\Desktop\GITHUB_PROJECTS\STM32_Projects\Flash_LED_using_PWM\EWARM\Debug\Obj\STM32_Lib\stm32f1xx_hal_i2c.o
#        C:\Users\MARIANO\Desktop\GITHUB_PROJECTS\STM32_Projects\Flash_LED_using_PWM\EWARM\Debug\Obj\STM32_Lib\stm32f1xx_hal_msp.o
#        C:\Users\MARIANO\Desktop\GITHUB_PROJECTS\STM32_Projects\Flash_LED_using_PWM\EWARM\Debug\Obj\STM32_Lib\stm32f1xx_hal_pwr.o
#        C:\Users\MARIANO\Desktop\GITHUB_PROJECTS\STM32_Projects\Flash_LED_using_PWM\EWARM\Debug\Obj\STM32_Lib\stm32f1xx_hal_rcc.o
#        C:\Users\MARIANO\Desktop\GITHUB_PROJECTS\STM32_Projects\Flash_LED_using_PWM\EWARM\Debug\Obj\STM32_Lib\stm32f1xx_hal_tim.o
#        C:\Users\MARIANO\Desktop\GITHUB_PROJECTS\STM32_Projects\Flash_LED_using_PWM\EWARM\Debug\Obj\STM32_Lib\stm32f1xx_hal_tim_ex.o
#        C:\Users\MARIANO\Desktop\GITHUB_PROJECTS\STM32_Projects\Flash_LED_using_PWM\EWARM\Debug\Obj\STM32_Lib\stm32f1xx_hal_uart.o
#        C:\Users\MARIANO\Desktop\GITHUB_PROJECTS\STM32_Projects\Flash_LED_using_PWM\EWARM\Debug\Obj\CMSIS\stm32f1xx_it.o
#        C:\Users\MARIANO\Desktop\GITHUB_PROJECTS\STM32_Projects\Flash_LED_using_PWM\EWARM\Debug\Obj\CMSIS\system_stm32f1xx.o
#        --no_out_extension -o
#        C:\Users\MARIANO\Desktop\GITHUB_PROJECTS\STM32_Projects\Flash_LED_using_PWM\EWARM\Debug\Exe\PWM_LED.out
#        --redirect _Printf=_PrintfFullNoMb --redirect _Scanf=_ScanfFullNoMb
#        --map
#        C:\Users\MARIANO\Desktop\GITHUB_PROJECTS\STM32_Projects\Flash_LED_using_PWM\EWARM\Debug\List\PWM_LED.map
#        --config "C:\Program Files\IAR Systems\Embedded Workbench
#        9.1\arm/config/linker/ST/stm32f103x6.icf" --semihosting --entry
#        __iar_program_start --vfe --text_out locale --cpu=Cortex-M3
#        --fpu=None)
#
###############################################################################

*******************************************************************************
*** RUNTIME MODEL ATTRIBUTES
***

CppFlavor       = *
__CPP_Runtime   = 1
__SystemLibrary = DLib
__dlib_version  = 6


*******************************************************************************
*** HEAP SELECTION
***

The basic heap was selected because --advanced_heap
was not specified and the application did not appear to
be primarily optimized for speed.


*******************************************************************************
*** PLACEMENT SUMMARY
***

"A0":  place at address 0x800'0000 { ro section .intvec };
"P1":  place in [from 0x800'0000 to 0x800'7fff] { ro };
define block CSTACK with size = 2K, alignment = 8 { };
define block HEAP with size = 2K, alignment = 8 { };
"P2":  place in [from 0x2000'0000 to 0x2000'27ff] {
          rw, block CSTACK, block HEAP };
initialize by copy { rw };

  Section            Kind         Address    Size  Object
  -------            ----         -------    ----  ------
"A0":                                        0xec
  .intvec            ro code   0x800'0000    0xec  startup_stm32f103xb.o [4]
                             - 0x800'00ec    0xec

"P1":                                      0x446e
  .text              ro code   0x800'00ec   0xe8e  xprintffull_nomb.o [5]
  .text              ro code   0x800'0f7a    0x2a  copy_init3.o [7]
  .text              ro code   0x800'0fa4    0x16  strchr.o [7]
  .rodata            const     0x800'0fba     0x2  stm32f1xx_hal_rcc.o [3]
  .text              ro code   0x800'0fbc    0x40  xfail_s.o [5]
  .text              ro code   0x800'0ffc    0x36  strlen.o [7]
  .text              ro code   0x800'1034    0x58  memchr.o [7]
  .text              ro code   0x800'108c    0xa6  ABImemcpy.o [7]
  .text              ro code   0x800'1134    0x70  frexp.o [6]
  .text              ro code   0x800'11a4    0x34  DblCmpLe.o [6]
  .text              ro code   0x800'11d8    0x34  DblCmpGe.o [6]
  .text              ro code   0x800'120c   0x13a  ldexp.o [6]
  .text              ro code   0x800'1348    0x36  DblToS32.o [6]
  .text              ro code   0x800'1380    0x22  S32ToDbl.o [6]
  .text              ro code   0x800'13a4   0x24e  DblAddSub.o [6]
  .text              ro code   0x800'15f4   0x246  DblDiv.o [6]
  .text              ro code   0x800'183c    0x22  DblToU32.o [6]
  .text              ro code   0x800'1860    0x1c  U32ToDbl.o [6]
  .text              ro code   0x800'187c   0x1aa  DblMul.o [6]
  .text              ro code   0x800'1a28   0x230  I64DivMod.o [7]
  .text              ro code   0x800'1c58     0x6  abort.o [5]
  .text              ro code   0x800'1c60     0x2  I64DivZer.o [7]
  .text              ro code   0x800'1c64    0x14  exit.o [8]
  .text              ro code   0x800'1c78    0x7c  iarttio.o [8]
  .text              ro code   0x800'1cf4     0x8  XShttio.o [5]
  .text              ro code   0x800'1cfc   0xb08  stm32f1xx_hal_tim.o [3]
  .text              ro code   0x800'2804   0x18c  stm32f1xx_hal_msp.o [3]
  .text              ro code   0x800'2990     0x2  stm32f1xx_hal_tim.o [3]
  .text              ro code   0x800'2994   0x5b6  main.o [1]
  .text              ro code   0x800'2f4a     0x2  stm32f1xx_hal_tim.o [3]
  .text              ro code   0x800'2f4c     0x2  stm32f1xx_hal_tim.o [3]
  .text              ro code   0x800'2f4e     0x2  stm32f1xx_hal_tim.o [3]
  .text              ro code   0x800'2f50     0x2  stm32f1xx_hal_tim_ex.o [3]
  .text              ro code   0x800'2f52     0x2  stm32f1xx_hal_tim.o [3]
  .text              ro code   0x800'2f54     0x2  stm32f1xx_hal_tim_ex.o [3]
  .text              ro code   0x800'2f56    0x14  memset.o [7]
  .text              ro code   0x800'2f6c   0x228  stm32f1xx_hal_gpio.o [3]
  .text              ro code   0x800'3194   0x124  stm32f1xx_hal_cortex.o [3]
  .text              ro code   0x800'32b8    0x1a  U32ToFlt.o [6]
  .text              ro code   0x800'32d4    0x48  FltToDbl.o [6]
  .text              ro code   0x800'331c    0x24  stm32f1xx_hal.o [3]
  .text              ro code   0x800'3340   0x13e  i2c-lcd.o [3]
  .text              ro code   0x800'3480    0x28  stm32f1xx_hal.o [3]
  .text              ro code   0x800'34a8    0x28  printf.o [5]
  .text              ro code   0x800'34d0   0x604  stm32f1xx_hal_rcc.o [3]
  .text              ro code   0x800'3ad4   0x652  stm32f1xx_hal_i2c.o [3]
  .text              ro code   0x800'4128    0x6c  stm32f1xx_hal_tim_ex.o [3]
  .text              ro code   0x800'4194    0x66  ABImemset.o [7]
  .text              ro code   0x800'41fc    0x4c  stm32f1xx_hal.o [3]
  .text              ro code   0x800'4248     0xc  stm32f1xx_hal.o [3]
  .text              ro code   0x800'4254    0x60  stm32f1xx_it.o [2]
  .text              ro code   0x800'42b4    0x18  stm32f1xx_hal.o [3]
  .text              ro code   0x800'42cc    0x38  zero_init3.o [7]
  .text              ro code   0x800'4304    0x28  data_init.o [7]
  .text              ro code   0x800'432c    0x22  iarwrite.o [8]
  .iar.init_table    const     0x800'4350    0x24  - Linker created -
  .text              ro code   0x800'4374    0x20  putchar.o [5]
  .text              ro code   0x800'4394    0x10  write.o [8]
  .text              ro code   0x800'43a4    0x1e  dwrite.o [8]
  .text              ro code   0x800'43c2    0x20  iarwstd.o [8]
  .text              ro code   0x800'43e4    0x1e  cmain.o [7]
  .text              ro code   0x800'4402     0x4  low_level_init.o [5]
  .text              ro code   0x800'4406     0x4  exit.o [5]
  .text              ro code   0x800'440c     0xa  cexit.o [7]
  .text              ro code   0x800'4418    0x1c  cstartup_M.o [7]
  .text              ro code   0x800'4434    0x16  xprout.o [5]
  Initializer bytes  const     0x800'444c    0x14  <for P2-1>
  .rodata            const     0x800'4460    0x10  stm32f1xx_hal_rcc.o [3]
  .rodata            const     0x800'4470    0x10  system_stm32f1xx.o [2]
  .text              ro code   0x800'4480    0x10  startup_stm32f103xb.o [4]
  .rodata            const     0x800'4490     0x8  main.o [1]
  .rodata            const     0x800'4498     0x8  main.o [1]
  .rodata            const     0x800'44a0     0x8  main.o [1]
  .rodata            const     0x800'44a8     0x8  main.o [1]
  .rodata            const     0x800'44b0     0x8  system_stm32f1xx.o [2]
  .text              ro code   0x800'44b8     0x4  startup_stm32f103xb.o [4]
  .text              ro code   0x800'44bc     0x4  startup_stm32f103xb.o [4]
  .text              ro code   0x800'44c0     0x4  startup_stm32f103xb.o [4]
  .text              ro code   0x800'44c4     0x4  startup_stm32f103xb.o [4]
  .text              ro code   0x800'44c8     0x4  startup_stm32f103xb.o [4]
  .text              ro code   0x800'44cc     0x4  startup_stm32f103xb.o [4]
  .text              ro code   0x800'44d0     0x4  startup_stm32f103xb.o [4]
  .text              ro code   0x800'44d4     0x4  startup_stm32f103xb.o [4]
  .text              ro code   0x800'44d8     0x4  startup_stm32f103xb.o [4]
  .text              ro code   0x800'44dc     0x4  startup_stm32f103xb.o [4]
  .text              ro code   0x800'44e0     0x4  startup_stm32f103xb.o [4]
  .text              ro code   0x800'44e4     0x4  startup_stm32f103xb.o [4]
  .text              ro code   0x800'44e8     0x4  startup_stm32f103xb.o [4]
  .text              ro code   0x800'44ec     0x4  startup_stm32f103xb.o [4]
  .text              ro code   0x800'44f0     0x4  startup_stm32f103xb.o [4]
  .text              ro code   0x800'44f4     0x4  startup_stm32f103xb.o [4]
  .text              ro code   0x800'44f8     0x4  startup_stm32f103xb.o [4]
  .text              ro code   0x800'44fc     0x4  startup_stm32f103xb.o [4]
  .text              ro code   0x800'4500     0x4  startup_stm32f103xb.o [4]
  .text              ro code   0x800'4504     0x4  startup_stm32f103xb.o [4]
  .text              ro code   0x800'4508     0x4  startup_stm32f103xb.o [4]
  .text              ro code   0x800'450c     0x4  startup_stm32f103xb.o [4]
  .text              ro code   0x800'4510     0x4  startup_stm32f103xb.o [4]
  .text              ro code   0x800'4514     0x4  startup_stm32f103xb.o [4]
  .text              ro code   0x800'4518     0x4  startup_stm32f103xb.o [4]
  .text              ro code   0x800'451c     0x4  startup_stm32f103xb.o [4]
  .text              ro code   0x800'4520     0x4  startup_stm32f103xb.o [4]
  .text              ro code   0x800'4524     0x4  startup_stm32f103xb.o [4]
  .text              ro code   0x800'4528     0x4  startup_stm32f103xb.o [4]
  .text              ro code   0x800'452c     0x4  startup_stm32f103xb.o [4]
  .text              ro code   0x800'4530     0x4  startup_stm32f103xb.o [4]
  .text              ro code   0x800'4534     0x4  startup_stm32f103xb.o [4]
  .text              ro code   0x800'4538     0x4  startup_stm32f103xb.o [4]
  .text              ro code   0x800'453c     0x4  startup_stm32f103xb.o [4]
  .text              ro code   0x800'4540     0x4  startup_stm32f103xb.o [4]
  .text              ro code   0x800'4544     0x4  startup_stm32f103xb.o [4]
  .text              ro code   0x800'4548     0x4  startup_stm32f103xb.o [4]
  .text              ro code   0x800'454c     0x4  startup_stm32f103xb.o [4]
  .text              ro code   0x800'4550     0x4  startup_stm32f103xb.o [4]
  .text              ro code   0x800'4554     0x4  startup_stm32f103xb.o [4]
  .text              ro code   0x800'4558     0x2  system_stm32f1xx.o [2]
  .rodata            const     0x800'455a     0x0  zero_init3.o [7]
  .rodata            const     0x800'455a     0x0  copy_init3.o [7]
                             - 0x800'455a  0x446e

"P2", part 1 of 3:                           0x14
  P2-1                        0x2000'0000    0x11  <Init block>
    .data            inited   0x2000'0000     0x4  stm32f1xx_hal.o [3]
    .data            inited   0x2000'0004     0x4  system_stm32f1xx.o [2]
    .data            inited   0x2000'0008     0x8  XShttio.o [5]
    .data            inited   0x2000'0010     0x1  stm32f1xx_hal.o [3]
                            - 0x2000'0011    0x11

"P2", part 2 of 3:                           0xfc
  .bss               zero     0x2000'0014    0x54  main.o [1]
  .bss               zero     0x2000'0068    0x48  main.o [1]
  .bss               zero     0x2000'00b0    0x48  main.o [1]
  .bss               zero     0x2000'00f8     0x4  main.o [1]
  .bss               zero     0x2000'00fc     0x4  main.o [1]
  .bss               zero     0x2000'0100     0x4  main.o [1]
  .bss               zero     0x2000'0104     0x4  stm32f1xx_hal.o [3]
  .bss               zero     0x2000'0108     0x4  xfail_s.o [5]
  .bss               zero     0x2000'010c     0x1  main.o [1]
  .bss               zero     0x2000'010d     0x1  main.o [1]
                            - 0x2000'010e    0xfa

"P2", part 3 of 3:                          0x800
  CSTACK                      0x2000'0110   0x800  <Block>
    CSTACK           uninit   0x2000'0110   0x800  <Block tail>
                            - 0x2000'0910   0x800

Unused ranges:

         From           To    Size
         ----           --    ----
   0x800'455a   0x800'7fff  0x3aa6
  0x2000'0910  0x2000'27ff  0x1ef0


*******************************************************************************
*** INIT TABLE
***

          Address      Size
          -------      ----
Zero (__iar_zero_init3)
    1 destination range, total size 0xfa:
          0x2000'0014  0xfa

Copy (__iar_copy_init3)
    1 source range, total size 0x14 (117% of destination):
           0x800'444c  0x14
    1 destination range, total size 0x11:
          0x2000'0000  0x11



*******************************************************************************
*** MODULE SUMMARY
***

    Module                  ro code  ro data  rw data
    ------                  -------  -------  -------
command line/config:
    -------------------------------------------------
    Total:

C:\Users\MARIANO\Desktop\GITHUB_PROJECTS\STM32_Projects\Flash_LED_using_PWM\EWARM\Debug\Obj: [1]
    main.o                    1'462       32      242
    -------------------------------------------------
    Total:                    1'462       32      242

C:\Users\MARIANO\Desktop\GITHUB_PROJECTS\STM32_Projects\Flash_LED_using_PWM\EWARM\Debug\Obj\CMSIS: [2]
    stm32f1xx_it.o               96
    system_stm32f1xx.o            2       28        4
    -------------------------------------------------
    Total:                       98       28        4

C:\Users\MARIANO\Desktop\GITHUB_PROJECTS\STM32_Projects\Flash_LED_using_PWM\EWARM\Debug\Obj\STM32_Lib: [3]
    i2c-lcd.o                   318
    stm32f1xx_hal.o             188        5        9
    stm32f1xx_hal_cortex.o      292
    stm32f1xx_hal_gpio.o        552
    stm32f1xx_hal_i2c.o       1'618
    stm32f1xx_hal_msp.o         396
    stm32f1xx_hal_rcc.o       1'540       18
    stm32f1xx_hal_tim.o       2'834
    stm32f1xx_hal_tim_ex.o      112
    -------------------------------------------------
    Total:                    7'850       23        9

C:\Users\MARIANO\Desktop\GITHUB_PROJECTS\STM32_Projects\Flash_LED_using_PWM\EWARM\Debug\Obj\Startup: [4]
    startup_stm32f103xb.o       412
    -------------------------------------------------
    Total:                      412

dl7M_tln.a: [5]
    XShttio.o                     8        8        8
    abort.o                       6
    exit.o                        4
    low_level_init.o              4
    printf.o                     40
    putchar.o                    32
    xfail_s.o                    64                 4
    xprintffull_nomb.o        3'726
    xprout.o                     22
    -------------------------------------------------
    Total:                    3'906        8       12

m7M_tl.a: [6]
    DblAddSub.o                 590
    DblCmpGe.o                   52
    DblCmpLe.o                   52
    DblDiv.o                    582
    DblMul.o                    426
    DblToS32.o                   54
    DblToU32.o                   34
    FltToDbl.o                   72
    S32ToDbl.o                   34
    U32ToDbl.o                   28
    U32ToFlt.o                   26
    frexp.o                     112
    ldexp.o                     314
    -------------------------------------------------
    Total:                    2'376

rt7M_tl.a: [7]
    ABImemcpy.o                 166
    ABImemset.o                 102
    I64DivMod.o                 560
    I64DivZer.o                   2
    cexit.o                      10
    cmain.o                      30
    copy_init3.o                 42
    cstartup_M.o                 28
    data_init.o                  40
    memchr.o                     88
    memset.o                     20
    strchr.o                     22
    strlen.o                     54
    zero_init3.o                 56
    -------------------------------------------------
    Total:                    1'220

shb_l.a: [8]
    dwrite.o                     30
    exit.o                       20
    iarttio.o                   124
    iarwrite.o                   34
    iarwstd.o                    32
    write.o                      16
    -------------------------------------------------
    Total:                      256

    Gaps                         40        2
    Linker created                        41    2'048
-----------------------------------------------------
    Grand Total:             17'620      134    2'315


*******************************************************************************
*** ENTRY LIST
***

Entry                       Address   Size  Type      Object
-----                       -------   ----  ----      ------
.iar.init_table$$Base    0x800'4350          --   Gb  - Linker created -
.iar.init_table$$Limit   0x800'4374          --   Gb  - Linker created -
?main                    0x800'43e5         Code  Gb  cmain.o [7]
ADC1_2_IRQHandler        0x800'4501         Code  Wk  startup_stm32f103xb.o [4]
AHBPrescTable            0x800'4470   0x10  Data  Gb  system_stm32f1xx.o [2]
APBPrescTable            0x800'44b0    0x8  Data  Gb  system_stm32f1xx.o [2]
BusFault_Handler         0x800'425b    0x2  Code  Gb  stm32f1xx_it.o [2]
CAN1_RX1_IRQHandler      0x800'450d         Code  Wk  startup_stm32f103xb.o [4]
CAN1_SCE_IRQHandler      0x800'4511         Code  Wk  startup_stm32f103xb.o [4]
CSTACK$$Base            0x2000'0110          --   Gb  - Linker created -
CSTACK$$Limit           0x2000'0910          --   Gb  - Linker created -
DMA1_Channel1_IRQHandler
                         0x800'44e5         Code  Wk  startup_stm32f103xb.o [4]
DMA1_Channel2_IRQHandler
                         0x800'44e9         Code  Wk  startup_stm32f103xb.o [4]
DMA1_Channel3_IRQHandler
                         0x800'44ed         Code  Wk  startup_stm32f103xb.o [4]
DMA1_Channel4_IRQHandler
                         0x800'44f1         Code  Wk  startup_stm32f103xb.o [4]
DMA1_Channel5_IRQHandler
                         0x800'44f5         Code  Wk  startup_stm32f103xb.o [4]
DMA1_Channel6_IRQHandler
                         0x800'44f9         Code  Wk  startup_stm32f103xb.o [4]
DMA1_Channel7_IRQHandler
                         0x800'44fd         Code  Wk  startup_stm32f103xb.o [4]
DebugMon_Handler         0x800'4261    0x2  Code  Gb  stm32f1xx_it.o [2]
Difference              0x2000'0100    0x4  Data  Gb  main.o [1]
Distance                0x2000'010d    0x1  Data  Gb  main.o [1]
EXTI0_IRQHandler         0x800'44d1         Code  Wk  startup_stm32f103xb.o [4]
EXTI15_10_IRQHandler     0x800'4289   0x2c  Code  Gb  stm32f1xx_it.o [2]
EXTI1_IRQHandler         0x800'44d5         Code  Wk  startup_stm32f103xb.o [4]
EXTI2_IRQHandler         0x800'44d9         Code  Wk  startup_stm32f103xb.o [4]
EXTI3_IRQHandler         0x800'44dd         Code  Wk  startup_stm32f103xb.o [4]
EXTI4_IRQHandler         0x800'44e1         Code  Wk  startup_stm32f103xb.o [4]
EXTI9_5_IRQHandler       0x800'4515         Code  Wk  startup_stm32f103xb.o [4]
Error_Handler            0x800'2f49    0x2  Code  Gb  main.o [1]
FLASH_IRQHandler         0x800'44c9         Code  Wk  startup_stm32f103xb.o [4]
HAL_Delay                0x800'3481   0x28  Code  Wk  stm32f1xx_hal.o [3]
HAL_GPIO_EXTI_Callback   0x800'2e4d   0xa4  Code  Gb  main.o [1]
HAL_GPIO_EXTI_IRQHandler
                         0x800'3137   0x1c  Code  Gb  stm32f1xx_hal_gpio.o [3]
HAL_GPIO_Init            0x800'2f6d  0x1a4  Code  Gb  stm32f1xx_hal_gpio.o [3]
HAL_GPIO_ReadPin         0x800'3111   0x12  Code  Gb  stm32f1xx_hal_gpio.o [3]
HAL_GPIO_WritePin        0x800'3123   0x14  Code  Gb  stm32f1xx_hal_gpio.o [3]
HAL_GetTick              0x800'4249    0xc  Code  Wk  stm32f1xx_hal.o [3]
HAL_I2C_Init             0x800'3ad5  0x1d0  Code  Gb  stm32f1xx_hal_i2c.o [3]
HAL_I2C_Master_Transmit
                         0x800'3ca5  0x16c  Code  Gb  stm32f1xx_hal_i2c.o [3]
HAL_I2C_MspInit          0x800'2841   0x58  Code  Gb  stm32f1xx_hal_msp.o [3]
HAL_IncTick              0x800'42b5   0x18  Code  Wk  stm32f1xx_hal.o [3]
HAL_Init                 0x800'331d   0x20  Code  Gb  stm32f1xx_hal.o [3]
HAL_InitTick             0x800'41fd   0x4c  Code  Wk  stm32f1xx_hal.o [3]
HAL_MspInit              0x800'2805   0x3c  Code  Gb  stm32f1xx_hal_msp.o [3]
HAL_NVIC_EnableIRQ       0x800'3285    0xa  Code  Gb  stm32f1xx_hal_cortex.o [3]
HAL_NVIC_SetPriority     0x800'3263   0x22  Code  Gb  stm32f1xx_hal_cortex.o [3]
HAL_NVIC_SetPriorityGrouping
                         0x800'325b    0x8  Code  Gb  stm32f1xx_hal_cortex.o [3]
HAL_RCC_ClockConfig      0x800'38a3  0x146  Code  Gb  stm32f1xx_hal_rcc.o [3]
HAL_RCC_GetHCLKFreq      0x800'3a4b    0x6  Code  Gb  stm32f1xx_hal_rcc.o [3]
HAL_RCC_GetPCLK1Freq     0x800'3a51   0x16  Code  Gb  stm32f1xx_hal_rcc.o [3]
HAL_RCC_GetSysClockFreq
                         0x800'39e9   0x62  Code  Gb  stm32f1xx_hal_rcc.o [3]
HAL_RCC_OscConfig        0x800'34d1  0x3d2  Code  Gb  stm32f1xx_hal_rcc.o [3]
HAL_SYSTICK_Config       0x800'328f    0x8  Code  Gb  stm32f1xx_hal_cortex.o [3]
HAL_TIMEx_BreakCallback
                         0x800'2f51    0x2  Code  Wk  stm32f1xx_hal_tim_ex.o [3]
HAL_TIMEx_CommutCallback
                         0x800'2f55    0x2  Code  Wk  stm32f1xx_hal_tim_ex.o [3]
HAL_TIMEx_MasterConfigSynchronization
                         0x800'4129   0x64  Code  Gb  stm32f1xx_hal_tim_ex.o [3]
HAL_TIM_Base_Init        0x800'1cfd   0x6e  Code  Gb  stm32f1xx_hal_tim.o [3]
HAL_TIM_Base_MspInit     0x800'2899   0x30  Code  Gb  stm32f1xx_hal_msp.o [3]
HAL_TIM_ConfigClockSource
                         0x800'2229   0xe8  Code  Gb  stm32f1xx_hal_tim.o [3]
HAL_TIM_IC_CaptureCallback
                         0x800'29a9   0xe6  Code  Gb  main.o [1]
HAL_TIM_IC_ConfigChannel
                         0x800'2071   0xc8  Code  Gb  stm32f1xx_hal_tim.o [3]
HAL_TIM_IC_Init          0x800'1e9d   0x6e  Code  Gb  stm32f1xx_hal_tim.o [3]
HAL_TIM_IC_MspInit       0x800'290d   0x68  Code  Gb  stm32f1xx_hal_msp.o [3]
HAL_TIM_IC_Start_IT      0x800'1f11  0x156  Code  Gb  stm32f1xx_hal_tim.o [3]
HAL_TIM_IRQHandler       0x800'268f  0x176  Code  Gb  stm32f1xx_hal_tim.o [3]
HAL_TIM_MspPostInit      0x800'28c9   0x44  Code  Gb  stm32f1xx_hal_msp.o [3]
HAL_TIM_OC_DelayElapsedCallback
                         0x800'2f4b    0x2  Code  Wk  stm32f1xx_hal_tim.o [3]
HAL_TIM_PWM_ConfigChannel
                         0x800'2139   0xf0  Code  Gb  stm32f1xx_hal_tim.o [3]
HAL_TIM_PWM_Init         0x800'1d6b   0x6e  Code  Gb  stm32f1xx_hal_tim.o [3]
HAL_TIM_PWM_MspInit      0x800'2991    0x2  Code  Wk  stm32f1xx_hal_tim.o [3]
HAL_TIM_PWM_PulseFinishedCallback
                         0x800'2f4d    0x2  Code  Wk  stm32f1xx_hal_tim.o [3]
HAL_TIM_PWM_Start        0x800'1dd9   0xbe  Code  Gb  stm32f1xx_hal_tim.o [3]
HAL_TIM_PeriodElapsedCallback
                         0x800'2f4f    0x2  Code  Wk  stm32f1xx_hal_tim.o [3]
HAL_TIM_ReadCapturedValue
                         0x800'2311   0x30  Code  Gb  stm32f1xx_hal_tim.o [3]
HAL_TIM_TriggerCallback
                         0x800'2f53    0x2  Code  Wk  stm32f1xx_hal_tim.o [3]
HCSR04_Read              0x800'2a8f   0x32  Code  Gb  main.o [1]
HardFault_Handler        0x800'4257    0x2  Code  Gb  stm32f1xx_it.o [2]
I2C1_ER_IRQHandler       0x800'4531         Code  Wk  startup_stm32f103xb.o [4]
I2C1_EV_IRQHandler       0x800'452d         Code  Wk  startup_stm32f103xb.o [4]
I2C2_ER_IRQHandler       0x800'4539         Code  Wk  startup_stm32f103xb.o [4]
I2C2_EV_IRQHandler       0x800'4535         Code  Wk  startup_stm32f103xb.o [4]
I2C_IsAcknowledgeFailed
                         0x800'40f1   0x36  Code  Lc  stm32f1xx_hal_i2c.o [3]
I2C_MasterRequestWrite   0x800'3e31   0xbe  Code  Lc  stm32f1xx_hal_i2c.o [3]
I2C_WaitOnBTFFlagUntilTimeout
                         0x800'408b   0x58  Code  Lc  stm32f1xx_hal_i2c.o [3]
I2C_WaitOnFlagUntilTimeout
                         0x800'3eef   0x8a  Code  Lc  stm32f1xx_hal_i2c.o [3]
I2C_WaitOnMasterAddressFlagUntilTimeout
                         0x800'3f79   0xba  Code  Lc  stm32f1xx_hal_i2c.o [3]
I2C_WaitOnTXEFlagUntilTimeout
                         0x800'4033   0x58  Code  Lc  stm32f1xx_hal_i2c.o [3]
IC_Val1                 0x2000'00f8    0x4  Data  Gb  main.o [1]
IC_Val2                 0x2000'00fc    0x4  Data  Gb  main.o [1]
Is_First_Captured       0x2000'010c    0x1  Data  Gb  main.o [1]
MX_GPIO_Init             0x800'2c55   0xba  Code  Lc  main.o [1]
MX_I2C1_Init             0x800'2c1d   0x38  Code  Lc  main.o [1]
MX_TIM1_Init             0x800'2dc5   0x84  Code  Lc  main.o [1]
MX_TIM2_Init             0x800'2d0f   0xb6  Code  Lc  main.o [1]
MemManage_Handler        0x800'4259    0x2  Code  Gb  stm32f1xx_it.o [2]
NMI_Handler              0x800'4255    0x2  Code  Gb  stm32f1xx_it.o [2]
NVIC_EnableIRQ           0x800'31b9   0x14  Code  Lc  stm32f1xx_hal_cortex.o [3]
NVIC_EncodePriority      0x800'31f1   0x3c  Code  Lc  stm32f1xx_hal_cortex.o [3]
NVIC_GetPriorityGrouping
                         0x800'31af    0xa  Code  Lc  stm32f1xx_hal_cortex.o [3]
NVIC_SetPriority         0x800'31cd   0x24  Code  Lc  stm32f1xx_hal_cortex.o [3]
NVIC_SetPriorityGrouping
                         0x800'3195   0x1a  Code  Lc  stm32f1xx_hal_cortex.o [3]
PVD_IRQHandler           0x800'44bd         Code  Wk  startup_stm32f103xb.o [4]
PendSV_Handler           0x800'4263    0x2  Code  Gb  stm32f1xx_it.o [2]
RCC_Delay                0x800'3a67   0x24  Code  Lc  stm32f1xx_hal_rcc.o [3]
RCC_IRQHandler           0x800'44cd         Code  Wk  startup_stm32f103xb.o [4]
RTC_Alarm_IRQHandler     0x800'4551         Code  Wk  startup_stm32f103xb.o [4]
RTC_IRQHandler           0x800'44c5         Code  Wk  startup_stm32f103xb.o [4]
Region$$Table$$Base      0x800'4350          --   Gb  - Linker created -
Region$$Table$$Limit     0x800'4374          --   Gb  - Linker created -
Reset_Handler            0x800'4481         Code  Wk  startup_stm32f103xb.o [4]
SPI1_IRQHandler          0x800'453d         Code  Wk  startup_stm32f103xb.o [4]
SPI2_IRQHandler          0x800'4541         Code  Wk  startup_stm32f103xb.o [4]
SVC_Handler              0x800'425f    0x2  Code  Gb  stm32f1xx_it.o [2]
SysTick_Config           0x800'322d   0x2e  Code  Lc  stm32f1xx_hal_cortex.o [3]
SysTick_Handler          0x800'4265    0x8  Code  Gb  stm32f1xx_it.o [2]
SystemClock_Config       0x800'2baf   0x6e  Code  Gb  main.o [1]
SystemCoreClock         0x2000'0004    0x4  Data  Gb  system_stm32f1xx.o [2]
SystemInit               0x800'4559    0x2  Code  Gb  system_stm32f1xx.o [2]
TAMPER_IRQHandler        0x800'44c1         Code  Wk  startup_stm32f103xb.o [4]
TIM1_BRK_IRQHandler      0x800'4519         Code  Wk  startup_stm32f103xb.o [4]
TIM1_CC_IRQHandler       0x800'4277    0xa  Code  Gb  stm32f1xx_it.o [2]
TIM1_TRG_COM_IRQHandler
                         0x800'4521         Code  Wk  startup_stm32f103xb.o [4]
TIM1_UP_IRQHandler       0x800'451d         Code  Wk  startup_stm32f103xb.o [4]
TIM2_IRQHandler          0x800'426d    0xa  Code  Gb  stm32f1xx_it.o [2]
TIM3_IRQHandler          0x800'4525         Code  Wk  startup_stm32f103xb.o [4]
TIM4_IRQHandler          0x800'4529         Code  Wk  startup_stm32f103xb.o [4]
TIM_Base_SetConfig       0x800'2341   0x58  Code  Gb  stm32f1xx_hal_tim.o [3]
TIM_CCxChannelCmd        0x800'2669   0x26  Code  Gb  stm32f1xx_hal_tim.o [3]
TIM_ETR_SetConfig        0x800'2653   0x16  Code  Gb  stm32f1xx_hal_tim.o [3]
TIM_ITRx_SetConfig       0x800'2643   0x10  Code  Lc  stm32f1xx_hal_tim.o [3]
TIM_OC1_SetConfig        0x800'2399   0x58  Code  Lc  stm32f1xx_hal_tim.o [3]
TIM_OC2_SetConfig        0x800'23f1   0x62  Code  Gb  stm32f1xx_hal_tim.o [3]
TIM_OC3_SetConfig        0x800'2453   0x60  Code  Lc  stm32f1xx_hal_tim.o [3]
TIM_OC4_SetConfig        0x800'24b3   0x46  Code  Lc  stm32f1xx_hal_tim.o [3]
TIM_TI1_ConfigInputStage
                         0x800'2559   0x24  Code  Lc  stm32f1xx_hal_tim.o [3]
TIM_TI1_SetConfig        0x800'24f9   0x58  Code  Gb  stm32f1xx_hal_tim.o [3]
TIM_TI2_ConfigInputStage
                         0x800'25b3   0x26  Code  Lc  stm32f1xx_hal_tim.o [3]
TIM_TI2_SetConfig        0x800'257d   0x36  Code  Lc  stm32f1xx_hal_tim.o [3]
TIM_TI3_SetConfig        0x800'25d9   0x34  Code  Lc  stm32f1xx_hal_tim.o [3]
TIM_TI4_SetConfig        0x800'260d   0x36  Code  Lc  stm32f1xx_hal_tim.o [3]
USART1_IRQHandler        0x800'4545         Code  Wk  startup_stm32f103xb.o [4]
USART2_IRQHandler        0x800'4549         Code  Wk  startup_stm32f103xb.o [4]
USART3_IRQHandler        0x800'454d         Code  Wk  startup_stm32f103xb.o [4]
USBWakeUp_IRQHandler     0x800'4555         Code  Wk  startup_stm32f103xb.o [4]
USB_HP_CAN1_TX_IRQHandler
                         0x800'4505         Code  Wk  startup_stm32f103xb.o [4]
USB_LP_CAN1_RX0_IRQHandler
                         0x800'4509         Code  Wk  startup_stm32f103xb.o [4]
UsageFault_Handler       0x800'425d    0x2  Code  Gb  stm32f1xx_it.o [2]
WWDG_IRQHandler          0x800'44b9         Code  Wk  startup_stm32f103xb.o [4]
_LC                      0x800'00ed    0x6  Code  Lc  xprintffull_nomb.o [5]
_LitobFullNoMb           0x800'0d7d  0x114  Code  Lc  xprintffull_nomb.o [5]
_PrintfFullNoMb          0x800'00f3  0xc76  Code  Gb  xprintffull_nomb.o [5]
_Prout                   0x800'4435   0x16  Code  Gb  xprout.o [5]
_PutcharsFullNoMb        0x800'0ee9   0x2e  Code  Lc  xprintffull_nomb.o [5]
__aeabi_cdcmple          0x800'11a5         Code  Gb  DblCmpLe.o [6]
__aeabi_cdrcmple         0x800'11d9         Code  Gb  DblCmpGe.o [6]
__aeabi_d2iz             0x800'1349         Code  Gb  DblToS32.o [6]
__aeabi_d2uiz            0x800'183d         Code  Gb  DblToU32.o [6]
__aeabi_ddiv             0x800'15f5         Code  Gb  DblDiv.o [6]
__aeabi_dmul             0x800'187d         Code  Gb  DblMul.o [6]
__aeabi_dsub             0x800'1511         Code  Gb  DblAddSub.o [6]
__aeabi_f2d              0x800'32d5         Code  Gb  FltToDbl.o [6]
__aeabi_i2d              0x800'1381         Code  Gb  S32ToDbl.o [6]
__aeabi_ldiv0            0x800'1c61         Code  Gb  I64DivZer.o [7]
__aeabi_memcpy           0x800'108d         Code  Gb  ABImemcpy.o [7]
__aeabi_memcpy4          0x800'10ad         Code  Gb  ABImemcpy.o [7]
__aeabi_memcpy8          0x800'10ad         Code  Gb  ABImemcpy.o [7]
__aeabi_memset           0x800'4195         Code  Gb  ABImemset.o [7]
__aeabi_ui2d             0x800'1861         Code  Gb  U32ToDbl.o [6]
__aeabi_ui2f             0x800'32b9         Code  Gb  U32ToFlt.o [6]
__aeabi_uldivmod         0x800'1a29         Code  Gb  I64DivMod.o [7]
__cmain                  0x800'43e5         Code  Gb  cmain.o [7]
__dwrite                 0x800'43a5   0x1e  Code  Gb  dwrite.o [8]
__exit                   0x800'1c65   0x14  Code  Gb  exit.o [8]
__iar_Fail_s             0x800'0fbd   0x1c  Code  Gb  xfail_s.o [5]
__iar_Memchr             0x800'1035         Code  Gb  memchr.o [7]
__iar_Memset             0x800'4195         Code  Gb  ABImemset.o [7]
__iar_Memset_word        0x800'419d         Code  Gb  ABImemset.o [7]
__iar_Strchr             0x800'0fa5         Code  Gb  strchr.o [7]
__iar_close_ttio         0x800'1c79   0x2c  Code  Gb  iarttio.o [8]
__iar_copy_init3         0x800'0f7b   0x2a  Code  Gb  copy_init3.o [7]
__iar_data_init3         0x800'4305   0x28  Code  Gb  data_init.o [7]
__iar_frexp              0x800'1141         Code  Gb  frexp.o [6]
__iar_frexp64            0x800'1135         Code  Gb  frexp.o [6]
__iar_frexpl             0x800'1141         Code  Gb  frexp.o [6]
__iar_get_ttio           0x800'1ca5   0x4c  Code  Gb  iarttio.o [8]
__iar_ldexp64            0x800'120d         Code  Gb  ldexp.o [6]
__iar_lookup_ttioh       0x800'1cf5    0x8  Code  Gb  XShttio.o [5]
__iar_program_start      0x800'4419         Code  Gb  cstartup_M.o [7]
__iar_scalbln64          0x800'120d         Code  Gb  ldexp.o [6]
__iar_scalbn64           0x800'120d         Code  Gb  ldexp.o [6]
__iar_sh_stdout          0x800'43c3   0x20  Code  Gb  iarwstd.o [8]
__iar_sh_write           0x800'432d   0x22  Code  Gb  iarwrite.o [8]
__iar_ttio_handles      0x2000'0008    0x8  Data  Lc  XShttio.o [5]
__iar_zero_init3         0x800'42cd   0x38  Code  Gb  zero_init3.o [7]
__low_level_init         0x800'4403    0x4  Code  Gb  low_level_init.o [5]
__vector_table           0x800'0000         Data  Gb  startup_stm32f103xb.o [4]
__write                  0x800'4395   0x10  Code  Gb  write.o [8]
_call_main               0x800'43f1         Code  Gb  cmain.o [7]
_exit                    0x800'440d         Code  Gb  cexit.o [7]
abort                    0x800'1c59    0x6  Code  Gb  abort.o [5]
delay_us                 0x800'2995   0x14  Code  Gb  main.o [1]
exit                     0x800'4407    0x4  Code  Gb  exit.o [5]
frexp                    0x800'1135         Code  Gb  frexp.o [6]
frexpl                   0x800'1135         Code  Gb  frexp.o [6]
hi2c1                   0x2000'0014   0x54  Data  Gb  main.o [1]
htim1                   0x2000'0068   0x48  Data  Gb  main.o [1]
htim2                   0x2000'00b0   0x48  Data  Gb  main.o [1]
lcd_clear                0x800'33b9   0x1a  Code  Gb  i2c-lcd.o [3]
lcd_init                 0x800'33f3   0x76  Code  Gb  i2c-lcd.o [3]
lcd_put_cur              0x800'33d3   0x20  Code  Gb  i2c-lcd.o [3]
lcd_send_cmd             0x800'3341   0x3a  Code  Gb  i2c-lcd.o [3]
lcd_send_data            0x800'337b   0x3a  Code  Gb  i2c-lcd.o [3]
lcd_send_string          0x800'3469   0x16  Code  Gb  i2c-lcd.o [3]
ldexp                    0x800'120d         Code  Gb  ldexp.o [6]
ldexpl                   0x800'120d         Code  Gb  ldexp.o [6]
main                     0x800'2ac1   0xee  Code  Gb  main.o [1]
memchr                   0x800'1035         Code  Gb  memchr.o [7]
memset                   0x800'2f57   0x14  Code  Gb  memset.o [7]
printf                   0x800'34a9   0x28  Code  Gb  printf.o [5]
putchar                  0x800'4375   0x20  Code  Gb  putchar.o [5]
scalbln                  0x800'120d         Code  Gb  ldexp.o [6]
scalblnl                 0x800'120d         Code  Gb  ldexp.o [6]
scalbn                   0x800'120d         Code  Gb  ldexp.o [6]
scalbnl                  0x800'120d         Code  Gb  ldexp.o [6]
scale                    0x800'0e91   0x46  Code  Lc  xprintffull_nomb.o [5]
sec_hand                0x2000'0108    0x4  Data  Lc  xfail_s.o [5]
strchr                   0x800'0fa5         Code  Gb  strchr.o [7]
strlen                   0x800'0ffd         Code  Gb  strlen.o [7]
uwTick                  0x2000'0104    0x4  Data  Gb  stm32f1xx_hal.o [3]
uwTickFreq              0x2000'0010    0x1  Data  Gb  stm32f1xx_hal.o [3]
uwTickPrio              0x2000'0000    0x4  Data  Gb  stm32f1xx_hal.o [3]


[1] = C:\Users\MARIANO\Desktop\GITHUB_PROJECTS\STM32_Projects\Flash_LED_using_PWM\EWARM\Debug\Obj
[2] = C:\Users\MARIANO\Desktop\GITHUB_PROJECTS\STM32_Projects\Flash_LED_using_PWM\EWARM\Debug\Obj\CMSIS
[3] = C:\Users\MARIANO\Desktop\GITHUB_PROJECTS\STM32_Projects\Flash_LED_using_PWM\EWARM\Debug\Obj\STM32_Lib
[4] = C:\Users\MARIANO\Desktop\GITHUB_PROJECTS\STM32_Projects\Flash_LED_using_PWM\EWARM\Debug\Obj\Startup
[5] = dl7M_tln.a
[6] = m7M_tl.a
[7] = rt7M_tl.a
[8] = shb_l.a

  17'620 bytes of readonly  code memory
     134 bytes of readonly  data memory
   2'315 bytes of readwrite data memory

Errors: none
Warnings: none
