###############################################################################
#
# IAR ELF Linker V9.30.1.335/W64 for ARM                  30/Aug/2023  10:03:48
# Copyright 2007-2022 IAR Systems AB.
#
#    Output file  =
#        C:\Users\MARIANO\Desktop\GITHUB_PROJECTS\STM32_Projects\Flash_LED_using_PWM\EWARM\Debug\Exe\PWM_LED.out
#    Map file     =
#        C:\Users\MARIANO\Desktop\GITHUB_PROJECTS\STM32_Projects\Flash_LED_using_PWM\EWARM\Debug\List\PWM_LED.map
#    Command line =
#        -f
#        C:\Users\MARIANO\Desktop\GITHUB_PROJECTS\STM32_Projects\Flash_LED_using_PWM\EWARM\Debug\Exe\PWM_LED.out.rsp
#        (C:\Users\MARIANO\Desktop\GITHUB_PROJECTS\STM32_Projects\Flash_LED_using_PWM\EWARM\Debug\Obj\STM32_Lib\i2c-lcd.o
#        C:\Users\MARIANO\Desktop\GITHUB_PROJECTS\STM32_Projects\Flash_LED_using_PWM\EWARM\Debug\Obj\main.o
#        C:\Users\MARIANO\Desktop\GITHUB_PROJECTS\STM32_Projects\Flash_LED_using_PWM\EWARM\Debug\Obj\Startup\startup_stm32f103xb.o
#        C:\Users\MARIANO\Desktop\GITHUB_PROJECTS\STM32_Projects\Flash_LED_using_PWM\EWARM\Debug\Obj\STM32_Lib\stm32f1xx_hal.o
#        C:\Users\MARIANO\Desktop\GITHUB_PROJECTS\STM32_Projects\Flash_LED_using_PWM\EWARM\Debug\Obj\STM32_Lib\stm32f1xx_hal_cortex.o
#        C:\Users\MARIANO\Desktop\GITHUB_PROJECTS\STM32_Projects\Flash_LED_using_PWM\EWARM\Debug\Obj\STM32_Lib\stm32f1xx_hal_dma.o
#        C:\Users\MARIANO\Desktop\GITHUB_PROJECTS\STM32_Projects\Flash_LED_using_PWM\EWARM\Debug\Obj\STM32_Lib\stm32f1xx_hal_flash.o
#        C:\Users\MARIANO\Desktop\GITHUB_PROJECTS\STM32_Projects\Flash_LED_using_PWM\EWARM\Debug\Obj\STM32_Lib\stm32f1xx_hal_gpio.o
#        C:\Users\MARIANO\Desktop\GITHUB_PROJECTS\STM32_Projects\Flash_LED_using_PWM\EWARM\Debug\Obj\STM32_Lib\stm32f1xx_hal_i2c.o
#        C:\Users\MARIANO\Desktop\GITHUB_PROJECTS\STM32_Projects\Flash_LED_using_PWM\EWARM\Debug\Obj\STM32_Lib\stm32f1xx_hal_msp.o
#        C:\Users\MARIANO\Desktop\GITHUB_PROJECTS\STM32_Projects\Flash_LED_using_PWM\EWARM\Debug\Obj\STM32_Lib\stm32f1xx_hal_pwr.o
#        C:\Users\MARIANO\Desktop\GITHUB_PROJECTS\STM32_Projects\Flash_LED_using_PWM\EWARM\Debug\Obj\STM32_Lib\stm32f1xx_hal_rcc.o
#        C:\Users\MARIANO\Desktop\GITHUB_PROJECTS\STM32_Projects\Flash_LED_using_PWM\EWARM\Debug\Obj\STM32_Lib\stm32f1xx_hal_tim.o
#        C:\Users\MARIANO\Desktop\GITHUB_PROJECTS\STM32_Projects\Flash_LED_using_PWM\EWARM\Debug\Obj\STM32_Lib\stm32f1xx_hal_tim_ex.o
#        C:\Users\MARIANO\Desktop\GITHUB_PROJECTS\STM32_Projects\Flash_LED_using_PWM\EWARM\Debug\Obj\STM32_Lib\stm32f1xx_hal_uart.o
#        C:\Users\MARIANO\Desktop\GITHUB_PROJECTS\STM32_Projects\Flash_LED_using_PWM\EWARM\Debug\Obj\CMSIS\stm32f1xx_it.o
#        C:\Users\MARIANO\Desktop\GITHUB_PROJECTS\STM32_Projects\Flash_LED_using_PWM\EWARM\Debug\Obj\CMSIS\system_stm32f1xx.o
#        --no_out_extension -o
#        C:\Users\MARIANO\Desktop\GITHUB_PROJECTS\STM32_Projects\Flash_LED_using_PWM\EWARM\Debug\Exe\PWM_LED.out
#        --redirect _Printf=_PrintfFullNoMb --redirect _Scanf=_ScanfFullNoMb
#        --map
#        C:\Users\MARIANO\Desktop\GITHUB_PROJECTS\STM32_Projects\Flash_LED_using_PWM\EWARM\Debug\List\PWM_LED.map
#        --config "C:\Program Files\IAR Systems\Embedded Workbench
#        9.1\arm/config/linker/ST/stm32f103x6.icf" --semihosting --entry
#        __iar_program_start --vfe --text_out locale --cpu=Cortex-M3
#        --fpu=None)
#
###############################################################################

*******************************************************************************
*** RUNTIME MODEL ATTRIBUTES
***

CppFlavor       = *
__CPP_Runtime   = 1
__SystemLibrary = DLib
__dlib_version  = 6


*******************************************************************************
*** HEAP SELECTION
***

The basic heap was selected because --advanced_heap
was not specified and the application did not appear to
be primarily optimized for speed.


*******************************************************************************
*** PLACEMENT SUMMARY
***

"A0":  place at address 0x800'0000 { ro section .intvec };
"P1":  place in [from 0x800'0000 to 0x800'7fff] { ro };
define block CSTACK with size = 2K, alignment = 8 { };
define block HEAP with size = 2K, alignment = 8 { };
"P2":  place in [from 0x2000'0000 to 0x2000'27ff] {
          rw, block CSTACK, block HEAP };
initialize by copy { rw };

  Section            Kind         Address    Size  Object
  -------            ----         -------    ----  ------
"A0":                                        0xec
  .intvec            ro code   0x800'0000    0xec  startup_stm32f103xb.o [4]
                             - 0x800'00ec    0xec

"P1":                                      0x15e2
  .text              ro code   0x800'00ec   0x5e4  stm32f1xx_hal_rcc.o [3]
  .text              ro code   0x800'06d0     0xc  stm32f1xx_hal.o [3]
  .text              ro code   0x800'06dc    0x4c  stm32f1xx_hal.o [3]
  .text              ro code   0x800'0728    0x86  ABImemcpy.o [7]
  .text              ro code   0x800'07ae    0x2a  copy_init3.o [7]
  .text              ro code   0x800'07d8   0x100  stm32f1xx_hal_cortex.o [3]
  .text              ro code   0x800'08d8   0x282  main.o [1]
  .rodata            const     0x800'0b5a     0x2  stm32f1xx_hal_rcc.o [3]
  .text              ro code   0x800'0b5c   0x1a6  stm32f1xx_hal_tim.o [3]
  .text              ro code   0x800'0d04    0x1c  U32ToDbl.o [6]
  .text              ro code   0x800'0d20   0x1aa  DblMul.o [6]
  .text              ro code   0x800'0ecc   0x246  DblDiv.o [6]
  .text              ro code   0x800'1114    0x36  DblToS32.o [6]
  .text              ro code   0x800'114c    0x24  stm32f1xx_hal.o [3]
  .text              ro code   0x800'1170    0x14  memset.o [7]
  .text              ro code   0x800'1184   0x228  stm32f1xx_hal_gpio.o [3]
  .text              ro code   0x800'13ac    0x28  stm32f1xx_hal.o [3]
  .text              ro code   0x800'13d4     0x2  stm32f1xx_hal_tim.o [3]
  .text              ro code   0x800'13d6     0x2  stm32f1xx_hal_tim.o [3]
  .text              ro code   0x800'13d8     0x2  stm32f1xx_hal_tim.o [3]
  .text              ro code   0x800'13da     0x2  stm32f1xx_hal_tim_ex.o [3]
  .text              ro code   0x800'13dc     0x2  stm32f1xx_hal_tim.o [3]
  .text              ro code   0x800'13de     0x2  stm32f1xx_hal_tim_ex.o [3]
  .text              ro code   0x800'13e0    0x48  stm32f1xx_hal_msp.o [3]
  .text              ro code   0x800'1428    0x66  ABImemset.o [7]
  .text              ro code   0x800'1490    0x60  stm32f1xx_it.o [2]
  .text              ro code   0x800'14f0    0x18  stm32f1xx_hal.o [3]
  .text              ro code   0x800'1508    0x38  zero_init3.o [7]
  .text              ro code   0x800'1540    0x28  data_init.o [7]
  .iar.init_table    const     0x800'1568    0x24  - Linker created -
  .text              ro code   0x800'158c    0x1e  cmain.o [7]
  .text              ro code   0x800'15aa     0x4  low_level_init.o [5]
  .text              ro code   0x800'15ae     0x4  exit.o [5]
  .text              ro code   0x800'15b4     0xa  cexit.o [7]
  .text              ro code   0x800'15c0    0x14  exit.o [8]
  .text              ro code   0x800'15d4    0x1c  cstartup_M.o [7]
  .rodata            const     0x800'15f0    0x10  stm32f1xx_hal_rcc.o [3]
  .rodata            const     0x800'1600    0x10  system_stm32f1xx.o [2]
  .text              ro code   0x800'1610    0x10  startup_stm32f103xb.o [4]
  Initializer bytes  const     0x800'1620     0xc  <for P2-1>
  .text              ro code   0x800'162c     0x4  startup_stm32f103xb.o [4]
  .text              ro code   0x800'1630     0x4  startup_stm32f103xb.o [4]
  .text              ro code   0x800'1634     0x4  startup_stm32f103xb.o [4]
  .text              ro code   0x800'1638     0x4  startup_stm32f103xb.o [4]
  .text              ro code   0x800'163c     0x4  startup_stm32f103xb.o [4]
  .text              ro code   0x800'1640     0x4  startup_stm32f103xb.o [4]
  .text              ro code   0x800'1644     0x4  startup_stm32f103xb.o [4]
  .text              ro code   0x800'1648     0x4  startup_stm32f103xb.o [4]
  .text              ro code   0x800'164c     0x4  startup_stm32f103xb.o [4]
  .text              ro code   0x800'1650     0x4  startup_stm32f103xb.o [4]
  .text              ro code   0x800'1654     0x4  startup_stm32f103xb.o [4]
  .text              ro code   0x800'1658     0x4  startup_stm32f103xb.o [4]
  .text              ro code   0x800'165c     0x4  startup_stm32f103xb.o [4]
  .text              ro code   0x800'1660     0x4  startup_stm32f103xb.o [4]
  .text              ro code   0x800'1664     0x4  startup_stm32f103xb.o [4]
  .text              ro code   0x800'1668     0x4  startup_stm32f103xb.o [4]
  .text              ro code   0x800'166c     0x4  startup_stm32f103xb.o [4]
  .text              ro code   0x800'1670     0x4  startup_stm32f103xb.o [4]
  .text              ro code   0x800'1674     0x4  startup_stm32f103xb.o [4]
  .text              ro code   0x800'1678     0x4  startup_stm32f103xb.o [4]
  .text              ro code   0x800'167c     0x4  startup_stm32f103xb.o [4]
  .text              ro code   0x800'1680     0x4  startup_stm32f103xb.o [4]
  .text              ro code   0x800'1684     0x4  startup_stm32f103xb.o [4]
  .text              ro code   0x800'1688     0x4  startup_stm32f103xb.o [4]
  .text              ro code   0x800'168c     0x4  startup_stm32f103xb.o [4]
  .text              ro code   0x800'1690     0x4  startup_stm32f103xb.o [4]
  .text              ro code   0x800'1694     0x4  startup_stm32f103xb.o [4]
  .text              ro code   0x800'1698     0x4  startup_stm32f103xb.o [4]
  .text              ro code   0x800'169c     0x4  startup_stm32f103xb.o [4]
  .text              ro code   0x800'16a0     0x4  startup_stm32f103xb.o [4]
  .text              ro code   0x800'16a4     0x4  startup_stm32f103xb.o [4]
  .text              ro code   0x800'16a8     0x4  startup_stm32f103xb.o [4]
  .text              ro code   0x800'16ac     0x4  startup_stm32f103xb.o [4]
  .text              ro code   0x800'16b0     0x4  startup_stm32f103xb.o [4]
  .text              ro code   0x800'16b4     0x4  startup_stm32f103xb.o [4]
  .text              ro code   0x800'16b8     0x4  startup_stm32f103xb.o [4]
  .text              ro code   0x800'16bc     0x4  startup_stm32f103xb.o [4]
  .text              ro code   0x800'16c0     0x4  startup_stm32f103xb.o [4]
  .text              ro code   0x800'16c4     0x4  startup_stm32f103xb.o [4]
  .text              ro code   0x800'16c8     0x4  startup_stm32f103xb.o [4]
  .text              ro code   0x800'16cc     0x2  system_stm32f1xx.o [2]
  .rodata            const     0x800'16ce     0x0  zero_init3.o [7]
  .rodata            const     0x800'16ce     0x0  copy_init3.o [7]
                             - 0x800'16ce  0x15e2

"P2", part 1 of 3:                            0xc
  P2-1                        0x2000'0000     0x9  <Init block>
    .data            inited   0x2000'0000     0x4  stm32f1xx_hal.o [3]
    .data            inited   0x2000'0004     0x4  system_stm32f1xx.o [2]
    .data            inited   0x2000'0008     0x1  stm32f1xx_hal.o [3]
                            - 0x2000'0009     0x9

"P2", part 2 of 3:                           0xa4
  .bss               zero     0x2000'000c    0x48  main.o [1]
  .bss               zero     0x2000'0054    0x48  main.o [1]
  .bss               zero     0x2000'009c     0x4  main.o [1]
  .bss               zero     0x2000'00a0     0x4  main.o [1]
  .bss               zero     0x2000'00a4     0x4  main.o [1]
  .bss               zero     0x2000'00a8     0x4  stm32f1xx_hal.o [3]
  .bss               zero     0x2000'00ac     0x1  main.o [1]
  .bss               zero     0x2000'00ad     0x1  main.o [1]
                            - 0x2000'00ae    0xa2

"P2", part 3 of 3:                          0x800
  CSTACK                      0x2000'00b0   0x800  <Block>
    CSTACK           uninit   0x2000'00b0   0x800  <Block tail>
                            - 0x2000'08b0   0x800

Unused ranges:

         From           To    Size
         ----           --    ----
   0x800'16ce   0x800'7fff  0x6932
  0x2000'08b0  0x2000'27ff  0x1f50


*******************************************************************************
*** INIT TABLE
***

          Address      Size
          -------      ----
Zero (__iar_zero_init3)
    1 destination range, total size 0xa2:
          0x2000'000c  0xa2

Copy (__iar_copy_init3)
    1 source range, total size 0xc (133% of destination):
           0x800'1620   0xc
    1 destination range, total size 0x9:
          0x2000'0000   0x9



*******************************************************************************
*** MODULE SUMMARY
***

    Module                  ro code  ro data  rw data
    ------                  -------  -------  -------
command line/config:
    -------------------------------------------------
    Total:

C:\Users\MARIANO\Desktop\GITHUB_PROJECTS\STM32_Projects\Flash_LED_using_PWM\EWARM\Debug\Obj: [1]
    main.o                      642               158
    -------------------------------------------------
    Total:                      642               158

C:\Users\MARIANO\Desktop\GITHUB_PROJECTS\STM32_Projects\Flash_LED_using_PWM\EWARM\Debug\Obj\CMSIS: [2]
    stm32f1xx_it.o               96
    system_stm32f1xx.o            2       20        4
    -------------------------------------------------
    Total:                       98       20        4

C:\Users\MARIANO\Desktop\GITHUB_PROJECTS\STM32_Projects\Flash_LED_using_PWM\EWARM\Debug\Obj\STM32_Lib: [3]
    stm32f1xx_hal.o             188        5        9
    stm32f1xx_hal_cortex.o      256
    stm32f1xx_hal_gpio.o        552
    stm32f1xx_hal_msp.o          72
    stm32f1xx_hal_rcc.o       1'508       18
    stm32f1xx_hal_tim.o         430
    stm32f1xx_hal_tim_ex.o        4
    -------------------------------------------------
    Total:                    3'010       23        9

C:\Users\MARIANO\Desktop\GITHUB_PROJECTS\STM32_Projects\Flash_LED_using_PWM\EWARM\Debug\Obj\Startup: [4]
    startup_stm32f103xb.o       412
    -------------------------------------------------
    Total:                      412

dl7M_tln.a: [5]
    exit.o                        4
    low_level_init.o              4
    -------------------------------------------------
    Total:                        8

m7M_tl.a: [6]
    DblDiv.o                    582
    DblMul.o                    426
    DblToS32.o                   54
    U32ToDbl.o                   28
    -------------------------------------------------
    Total:                    1'090

rt7M_tl.a: [7]
    ABImemcpy.o                 134
    ABImemset.o                 102
    cexit.o                      10
    cmain.o                      30
    copy_init3.o                 42
    cstartup_M.o                 28
    data_init.o                  40
    memset.o                     20
    zero_init3.o                 56
    -------------------------------------------------
    Total:                      462

shb_l.a: [8]
    exit.o                       20
    -------------------------------------------------
    Total:                       20

    Gaps                         14
    Linker created                        39    2'048
-----------------------------------------------------
    Grand Total:              5'756       82    2'219


*******************************************************************************
*** ENTRY LIST
***

Entry                       Address   Size  Type      Object
-----                       -------   ----  ----      ------
.iar.init_table$$Base    0x800'1568          --   Gb  - Linker created -
.iar.init_table$$Limit   0x800'158c          --   Gb  - Linker created -
?main                    0x800'158d         Code  Gb  cmain.o [7]
ADC1_2_IRQHandler        0x800'1675         Code  Wk  startup_stm32f103xb.o [4]
AHBPrescTable            0x800'1600   0x10  Data  Gb  system_stm32f1xx.o [2]
BusFault_Handler         0x800'1497    0x2  Code  Gb  stm32f1xx_it.o [2]
CAN1_RX1_IRQHandler      0x800'1681         Code  Wk  startup_stm32f103xb.o [4]
CAN1_SCE_IRQHandler      0x800'1685         Code  Wk  startup_stm32f103xb.o [4]
CSTACK$$Base            0x2000'00b0          --   Gb  - Linker created -
CSTACK$$Limit           0x2000'08b0          --   Gb  - Linker created -
DMA1_Channel1_IRQHandler
                         0x800'1659         Code  Wk  startup_stm32f103xb.o [4]
DMA1_Channel2_IRQHandler
                         0x800'165d         Code  Wk  startup_stm32f103xb.o [4]
DMA1_Channel3_IRQHandler
                         0x800'1661         Code  Wk  startup_stm32f103xb.o [4]
DMA1_Channel4_IRQHandler
                         0x800'1665         Code  Wk  startup_stm32f103xb.o [4]
DMA1_Channel5_IRQHandler
                         0x800'1669         Code  Wk  startup_stm32f103xb.o [4]
DMA1_Channel6_IRQHandler
                         0x800'166d         Code  Wk  startup_stm32f103xb.o [4]
DMA1_Channel7_IRQHandler
                         0x800'1671         Code  Wk  startup_stm32f103xb.o [4]
DebugMon_Handler         0x800'149d    0x2  Code  Gb  stm32f1xx_it.o [2]
Difference              0x2000'00a4    0x4  Data  Gb  main.o [1]
Distance                0x2000'00ad    0x1  Data  Gb  main.o [1]
EXTI0_IRQHandler         0x800'1645         Code  Wk  startup_stm32f103xb.o [4]
EXTI15_10_IRQHandler     0x800'14c5   0x2c  Code  Gb  stm32f1xx_it.o [2]
EXTI1_IRQHandler         0x800'1649         Code  Wk  startup_stm32f103xb.o [4]
EXTI2_IRQHandler         0x800'164d         Code  Wk  startup_stm32f103xb.o [4]
EXTI3_IRQHandler         0x800'1651         Code  Wk  startup_stm32f103xb.o [4]
EXTI4_IRQHandler         0x800'1655         Code  Wk  startup_stm32f103xb.o [4]
EXTI9_5_IRQHandler       0x800'1689         Code  Wk  startup_stm32f103xb.o [4]
Error_Handler            0x800'0b59    0x2  Code  Gb  main.o [1]
FLASH_IRQHandler         0x800'163d         Code  Wk  startup_stm32f103xb.o [4]
HAL_Delay                0x800'13ad   0x28  Code  Wk  stm32f1xx_hal.o [3]
HAL_GPIO_EXTI_Callback   0x800'0a7f   0xa4  Code  Gb  main.o [1]
HAL_GPIO_EXTI_IRQHandler
                         0x800'134f   0x1c  Code  Gb  stm32f1xx_hal_gpio.o [3]
HAL_GPIO_Init            0x800'1185  0x1a4  Code  Gb  stm32f1xx_hal_gpio.o [3]
HAL_GPIO_ReadPin         0x800'1329   0x12  Code  Gb  stm32f1xx_hal_gpio.o [3]
HAL_GPIO_TogglePin       0x800'133b   0x14  Code  Gb  stm32f1xx_hal_gpio.o [3]
HAL_GetTick              0x800'06d1    0xc  Code  Wk  stm32f1xx_hal.o [3]
HAL_IncTick              0x800'14f1   0x18  Code  Wk  stm32f1xx_hal.o [3]
HAL_Init                 0x800'114d   0x20  Code  Gb  stm32f1xx_hal.o [3]
HAL_InitTick             0x800'06dd   0x4c  Code  Wk  stm32f1xx_hal.o [3]
HAL_MspInit              0x800'13e1   0x3c  Code  Gb  stm32f1xx_hal_msp.o [3]
HAL_NVIC_SetPriority     0x800'0893   0x22  Code  Gb  stm32f1xx_hal_cortex.o [3]
HAL_NVIC_SetPriorityGrouping
                         0x800'088b    0x8  Code  Gb  stm32f1xx_hal_cortex.o [3]
HAL_RCC_ClockConfig      0x800'04bf  0x146  Code  Gb  stm32f1xx_hal_rcc.o [3]
HAL_RCC_GetSysClockFreq
                         0x800'0605   0x62  Code  Gb  stm32f1xx_hal_rcc.o [3]
HAL_RCC_OscConfig        0x800'00ed  0x3d2  Code  Gb  stm32f1xx_hal_rcc.o [3]
HAL_SYSTICK_Config       0x800'08b5    0x8  Code  Gb  stm32f1xx_hal_cortex.o [3]
HAL_TIMEx_BreakCallback
                         0x800'13db    0x2  Code  Wk  stm32f1xx_hal_tim_ex.o [3]
HAL_TIMEx_CommutCallback
                         0x800'13df    0x2  Code  Wk  stm32f1xx_hal_tim_ex.o [3]
HAL_TIM_IC_CaptureCallback
                         0x800'08eb   0xcc  Code  Gb  main.o [1]
HAL_TIM_IRQHandler       0x800'0b8d  0x176  Code  Gb  stm32f1xx_hal_tim.o [3]
HAL_TIM_OC_DelayElapsedCallback
                         0x800'13d5    0x2  Code  Wk  stm32f1xx_hal_tim.o [3]
HAL_TIM_PWM_PulseFinishedCallback
                         0x800'13d7    0x2  Code  Wk  stm32f1xx_hal_tim.o [3]
HAL_TIM_PeriodElapsedCallback
                         0x800'13d9    0x2  Code  Wk  stm32f1xx_hal_tim.o [3]
HAL_TIM_ReadCapturedValue
                         0x800'0b5d   0x30  Code  Gb  stm32f1xx_hal_tim.o [3]
HAL_TIM_TriggerCallback
                         0x800'13dd    0x2  Code  Wk  stm32f1xx_hal_tim.o [3]
HardFault_Handler        0x800'1493    0x2  Code  Gb  stm32f1xx_it.o [2]
I2C1_ER_IRQHandler       0x800'16a5         Code  Wk  startup_stm32f103xb.o [4]
I2C1_EV_IRQHandler       0x800'16a1         Code  Wk  startup_stm32f103xb.o [4]
I2C2_ER_IRQHandler       0x800'16ad         Code  Wk  startup_stm32f103xb.o [4]
I2C2_EV_IRQHandler       0x800'16a9         Code  Wk  startup_stm32f103xb.o [4]
IC_Val1                 0x2000'009c    0x4  Data  Gb  main.o [1]
IC_Val2                 0x2000'00a0    0x4  Data  Gb  main.o [1]
Is_First_Captured       0x2000'00ac    0x1  Data  Gb  main.o [1]
MemManage_Handler        0x800'1495    0x2  Code  Gb  stm32f1xx_it.o [2]
NMI_Handler              0x800'1491    0x2  Code  Gb  stm32f1xx_it.o [2]
NVIC_EncodePriority      0x800'0821   0x3c  Code  Lc  stm32f1xx_hal_cortex.o [3]
NVIC_GetPriorityGrouping
                         0x800'07f3    0xa  Code  Lc  stm32f1xx_hal_cortex.o [3]
NVIC_SetPriority         0x800'07fd   0x24  Code  Lc  stm32f1xx_hal_cortex.o [3]
NVIC_SetPriorityGrouping
                         0x800'07d9   0x1a  Code  Lc  stm32f1xx_hal_cortex.o [3]
PVD_IRQHandler           0x800'1631         Code  Wk  startup_stm32f103xb.o [4]
PendSV_Handler           0x800'149f    0x2  Code  Gb  stm32f1xx_it.o [2]
RCC_Delay                0x800'0667   0x24  Code  Lc  stm32f1xx_hal_rcc.o [3]
RCC_IRQHandler           0x800'1641         Code  Wk  startup_stm32f103xb.o [4]
RTC_Alarm_IRQHandler     0x800'16c5         Code  Wk  startup_stm32f103xb.o [4]
RTC_IRQHandler           0x800'1639         Code  Wk  startup_stm32f103xb.o [4]
Region$$Table$$Base      0x800'1568          --   Gb  - Linker created -
Region$$Table$$Limit     0x800'158c          --   Gb  - Linker created -
Reset_Handler            0x800'1611         Code  Wk  startup_stm32f103xb.o [4]
SPI1_IRQHandler          0x800'16b1         Code  Wk  startup_stm32f103xb.o [4]
SPI2_IRQHandler          0x800'16b5         Code  Wk  startup_stm32f103xb.o [4]
SVC_Handler              0x800'149b    0x2  Code  Gb  stm32f1xx_it.o [2]
SysTick_Config           0x800'085d   0x2e  Code  Lc  stm32f1xx_hal_cortex.o [3]
SysTick_Handler          0x800'14a1    0x8  Code  Gb  stm32f1xx_it.o [2]
SystemClock_Config       0x800'0a11   0x6e  Code  Gb  main.o [1]
SystemCoreClock         0x2000'0004    0x4  Data  Gb  system_stm32f1xx.o [2]
SystemInit               0x800'16cd    0x2  Code  Gb  system_stm32f1xx.o [2]
TAMPER_IRQHandler        0x800'1635         Code  Wk  startup_stm32f103xb.o [4]
TIM1_BRK_IRQHandler      0x800'168d         Code  Wk  startup_stm32f103xb.o [4]
TIM1_CC_IRQHandler       0x800'14b3    0xa  Code  Gb  stm32f1xx_it.o [2]
TIM1_TRG_COM_IRQHandler
                         0x800'1695         Code  Wk  startup_stm32f103xb.o [4]
TIM1_UP_IRQHandler       0x800'1691         Code  Wk  startup_stm32f103xb.o [4]
TIM2_IRQHandler          0x800'14a9    0xa  Code  Gb  stm32f1xx_it.o [2]
TIM3_IRQHandler          0x800'1699         Code  Wk  startup_stm32f103xb.o [4]
TIM4_IRQHandler          0x800'169d         Code  Wk  startup_stm32f103xb.o [4]
USART1_IRQHandler        0x800'16b9         Code  Wk  startup_stm32f103xb.o [4]
USART2_IRQHandler        0x800'16bd         Code  Wk  startup_stm32f103xb.o [4]
USART3_IRQHandler        0x800'16c1         Code  Wk  startup_stm32f103xb.o [4]
USBWakeUp_IRQHandler     0x800'16c9         Code  Wk  startup_stm32f103xb.o [4]
USB_HP_CAN1_TX_IRQHandler
                         0x800'1679         Code  Wk  startup_stm32f103xb.o [4]
USB_LP_CAN1_RX0_IRQHandler
                         0x800'167d         Code  Wk  startup_stm32f103xb.o [4]
UsageFault_Handler       0x800'1499    0x2  Code  Gb  stm32f1xx_it.o [2]
WWDG_IRQHandler          0x800'162d         Code  Wk  startup_stm32f103xb.o [4]
__aeabi_d2iz             0x800'1115         Code  Gb  DblToS32.o [6]
__aeabi_ddiv             0x800'0ecd         Code  Gb  DblDiv.o [6]
__aeabi_dmul             0x800'0d21         Code  Gb  DblMul.o [6]
__aeabi_memcpy4          0x800'0729         Code  Gb  ABImemcpy.o [7]
__aeabi_memcpy8          0x800'0729         Code  Gb  ABImemcpy.o [7]
__aeabi_memset           0x800'1429         Code  Gb  ABImemset.o [7]
__aeabi_ui2d             0x800'0d05         Code  Gb  U32ToDbl.o [6]
__cmain                  0x800'158d         Code  Gb  cmain.o [7]
__exit                   0x800'15c1   0x14  Code  Gb  exit.o [8]
__iar_Memset             0x800'1429         Code  Gb  ABImemset.o [7]
__iar_Memset_word        0x800'1431         Code  Gb  ABImemset.o [7]
__iar_copy_init3         0x800'07af   0x2a  Code  Gb  copy_init3.o [7]
__iar_data_init3         0x800'1541   0x28  Code  Gb  data_init.o [7]
__iar_program_start      0x800'15d5         Code  Gb  cstartup_M.o [7]
__iar_zero_init3         0x800'1509   0x38  Code  Gb  zero_init3.o [7]
__low_level_init         0x800'15ab    0x4  Code  Gb  low_level_init.o [5]
__vector_table           0x800'0000         Data  Gb  startup_stm32f103xb.o [4]
_call_main               0x800'1599         Code  Gb  cmain.o [7]
_exit                    0x800'15b5         Code  Gb  cexit.o [7]
delay_us                 0x800'08d9   0x12  Code  Gb  main.o [1]
exit                     0x800'15af    0x4  Code  Gb  exit.o [5]
htim1                   0x2000'000c   0x48  Data  Gb  main.o [1]
htim2                   0x2000'0054   0x48  Data  Gb  main.o [1]
main                     0x800'09b7   0x5a  Code  Gb  main.o [1]
memset                   0x800'1171   0x14  Code  Gb  memset.o [7]
uwTick                  0x2000'00a8    0x4  Data  Gb  stm32f1xx_hal.o [3]
uwTickFreq              0x2000'0008    0x1  Data  Gb  stm32f1xx_hal.o [3]
uwTickPrio              0x2000'0000    0x4  Data  Gb  stm32f1xx_hal.o [3]


[1] = C:\Users\MARIANO\Desktop\GITHUB_PROJECTS\STM32_Projects\Flash_LED_using_PWM\EWARM\Debug\Obj
[2] = C:\Users\MARIANO\Desktop\GITHUB_PROJECTS\STM32_Projects\Flash_LED_using_PWM\EWARM\Debug\Obj\CMSIS
[3] = C:\Users\MARIANO\Desktop\GITHUB_PROJECTS\STM32_Projects\Flash_LED_using_PWM\EWARM\Debug\Obj\STM32_Lib
[4] = C:\Users\MARIANO\Desktop\GITHUB_PROJECTS\STM32_Projects\Flash_LED_using_PWM\EWARM\Debug\Obj\Startup
[5] = dl7M_tln.a
[6] = m7M_tl.a
[7] = rt7M_tl.a
[8] = shb_l.a

  5'756 bytes of readonly  code memory
     82 bytes of readonly  data memory
  2'219 bytes of readwrite data memory

Errors: none
Warnings: none
