###############################################################################
#
# IAR ELF Linker V9.30.1.335/W64 for ARM                  30/Aug/2023  08:48:36
# Copyright 2007-2022 IAR Systems AB.
#
#    Output file  =
#        C:\Users\MARIANO\Desktop\GITHUB_PROJECTS\STM32_Projects\Interfacing
#        DHT11 Temperature & Humidity Sensor with
#        STM32F103C8\Debug\Exe\DHT11_Tem&Humidity_Sensor.out
#    Map file     =
#        C:\Users\MARIANO\Desktop\GITHUB_PROJECTS\STM32_Projects\Interfacing
#        DHT11 Temperature & Humidity Sensor with
#        STM32F103C8\Debug\List\DHT11_Tem&Humidity_Sensor.map
#    Command line =
#        -f
#        "C:\Users\MARIANO\Desktop\GITHUB_PROJECTS\STM32_Projects\Interfacing
#        DHT11 Temperature & Humidity Sensor with
#        STM32F103C8\Debug\Exe\DHT11_Tem&Humidity_Sensor.out.rsp"
#        ("C:\Users\MARIANO\Desktop\GITHUB_PROJECTS\STM32_Projects\Interfacing
#        DHT11 Temperature & Humidity Sensor with STM32F103C8\Debug\Obj\main.o"
#        --no_out_extension -o
#        "C:\Users\MARIANO\Desktop\GITHUB_PROJECTS\STM32_Projects\Interfacing
#        DHT11 Temperature & Humidity Sensor with
#        STM32F103C8\Debug\Exe\DHT11_Tem&Humidity_Sensor.out" --redirect
#        _Printf=_PrintfFullNoMb --redirect _Scanf=_ScanfFullNoMb --map
#        "C:\Users\MARIANO\Desktop\GITHUB_PROJECTS\STM32_Projects\Interfacing
#        DHT11 Temperature & Humidity Sensor with
#        STM32F103C8\Debug\List\DHT11_Tem&Humidity_Sensor.map" --config
#        "C:\Program Files\IAR Systems\Embedded Workbench
#        9.1\arm/config/linker/ST/stm32f103x8.icf" --semihosting --entry
#        __iar_program_start --vfe --text_out locale --cpu=Cortex-M3
#        --fpu=None)
#
###############################################################################

*******************************************************************************
*** RUNTIME MODEL ATTRIBUTES
***

CppFlavor       = *
__CPP_Runtime   = 1
__SystemLibrary = DLib
__dlib_version  = 6


*******************************************************************************
*** HEAP SELECTION
***

The basic heap was selected because --advanced_heap
was not specified and the application did not appear to
be primarily optimized for speed.


*******************************************************************************
*** PLACEMENT SUMMARY
***

"A0":  place at address 0x800'0000 { ro section .intvec };
"P1":  place in [from 0x800'0000 to 0x800'ffff] { ro };
define block CSTACK with size = 2K, alignment = 8 { };
define block HEAP with size = 2K, alignment = 8 { };
"P2":  place in [from 0x2000'0000 to 0x2000'4fff] {
          rw, block CSTACK, block HEAP };
initialize by copy { rw };

  Section            Kind         Address    Size  Object
  -------            ----         -------    ----  ------
"A0":                                        0x40
  .intvec            ro code   0x800'0000    0x40  vector_table_M.o [4]
                             - 0x800'0040    0x40

"P1":                                      0x1ed4
  .text              ro code   0x800'0040   0xe8e  xprintffull_nomb.o [2]
  .text              ro code   0x800'0ece    0x2a  copy_init3.o [4]
  .text              ro code   0x800'0ef8    0x16  strchr.o [4]
  .text              ro code   0x800'0f0e     0x2  vectortrap_M.o [4]
  .text              ro code   0x800'0f10    0x40  xfail_s.o [2]
  .text              ro code   0x800'0f50    0x36  strlen.o [4]
  .text              ro code   0x800'0f88    0x58  memchr.o [4]
  .text              ro code   0x800'0fe0    0x76  ABImemcpy_unaligned.o [4]
  .text              ro code   0x800'1058    0x70  frexp.o [3]
  .text              ro code   0x800'10c8    0x34  DblCmpLe.o [3]
  .text              ro code   0x800'10fc    0x34  DblCmpGe.o [3]
  .text              ro code   0x800'1130   0x13a  ldexp.o [3]
  .text              ro code   0x800'126c    0x36  DblToS32.o [3]
  .text              ro code   0x800'12a4    0x22  S32ToDbl.o [3]
  .text              ro code   0x800'12c8   0x24e  DblAddSub.o [3]
  .text              ro code   0x800'1518   0x246  DblDiv.o [3]
  .text              ro code   0x800'1760    0x22  DblToU32.o [3]
  .text              ro code   0x800'1784    0x1c  U32ToDbl.o [3]
  .text              ro code   0x800'17a0   0x1aa  DblMul.o [3]
  .text              ro code   0x800'194c   0x230  I64DivMod.o [4]
  .text              ro code   0x800'1b7c     0x6  abort.o [2]
  .text              ro code   0x800'1b84     0x2  I64DivZer.o [4]
  .text              ro code   0x800'1b88    0x14  exit.o [5]
  .text              ro code   0x800'1b9c    0x7c  iarttio.o [5]
  .text              ro code   0x800'1c18     0x8  XShttio.o [2]
  .text              ro code   0x800'1c20    0xd8  FltMul.o [3]
  .text              ro code   0x800'1cf8    0x5c  main.o [1]
  .text              ro code   0x800'1d54    0x48  FltToDbl.o [3]
  .text              ro code   0x800'1d9c    0x28  printf.o [2]
  .text              ro code   0x800'1dc4    0x28  data_init.o [4]
  .text              ro code   0x800'1dec    0x22  iarwrite.o [5]
  .iar.init_table    const     0x800'1e10    0x14  - Linker created -
  .text              ro code   0x800'1e24    0x20  putchar.o [2]
  .text              ro code   0x800'1e44    0x10  write.o [5]
  .text              ro code   0x800'1e54    0x1e  dwrite.o [5]
  .text              ro code   0x800'1e72    0x20  iarwstd.o [5]
  .text              ro code   0x800'1e94    0x1e  cmain.o [4]
  .text              ro code   0x800'1eb2     0x4  low_level_init.o [2]
  .text              ro code   0x800'1eb6     0x4  exit.o [2]
  .text              ro code   0x800'1ebc     0xa  cexit.o [4]
  .text              ro code   0x800'1ec8    0x1c  cstartup_M.o [4]
  .text              ro code   0x800'1ee4    0x16  xprout.o [2]
  .rodata            const     0x800'1efc     0xc  main.o [1]
  Initializer bytes  const     0x800'1f08     0xc  <for P2-1>
  .rodata            const     0x800'1f14     0x0  copy_init3.o [4]
                             - 0x800'1f14  0x1ed4

"P2", part 1 of 2:                            0xc
  P2-1                        0x2000'0000     0xc  <Init block>
    .data            inited   0x2000'0000     0x8  XShttio.o [2]
    .bss             inited   0x2000'0008     0x4  xfail_s.o [2]
                            - 0x2000'000c     0xc

"P2", part 2 of 2:                          0x800
  CSTACK                      0x2000'0010   0x800  <Block>
    CSTACK           uninit   0x2000'0010   0x800  <Block tail>
                            - 0x2000'0810   0x800

Unused ranges:

         From           To    Size
         ----           --    ----
   0x800'1f14   0x800'ffff  0xe0ec
  0x2000'000c  0x2000'000f     0x4
  0x2000'0810  0x2000'4fff  0x47f0


*******************************************************************************
*** INIT TABLE
***

          Address      Size
          -------      ----
Copy (__iar_copy_init3)
    1 source range, total size 0xc:
           0x800'1f08   0xc
    1 destination range, total size 0xc:
          0x2000'0000   0xc



*******************************************************************************
*** MODULE SUMMARY
***

    Module                 ro code  ro data  rw data
    ------                 -------  -------  -------
command line/config:
    ------------------------------------------------
    Total:

C:\Users\MARIANO\Desktop\GITHUB_PROJECTS\STM32_Projects\Interfacing DHT11 Temperature & Humidity Sensor with STM32F103C8\Debug\Obj: [1]
    main.o                      92       12
    ------------------------------------------------
    Total:                      92       12

dl7M_tln.a: [2]
    XShttio.o                    8        8        8
    abort.o                      6
    exit.o                       4
    low_level_init.o             4
    printf.o                    40
    putchar.o                   32
    xfail_s.o                   64        4        4
    xprintffull_nomb.o       3'726
    xprout.o                    22
    ------------------------------------------------
    Total:                   3'906       12       12

m7M_tl.a: [3]
    DblAddSub.o                590
    DblCmpGe.o                  52
    DblCmpLe.o                  52
    DblDiv.o                   582
    DblMul.o                   426
    DblToS32.o                  54
    DblToU32.o                  34
    FltMul.o                   216
    FltToDbl.o                  72
    S32ToDbl.o                  34
    U32ToDbl.o                  28
    frexp.o                    112
    ldexp.o                    314
    ------------------------------------------------
    Total:                   2'566

rt7M_tl.a: [4]
    ABImemcpy_unaligned.o      118
    I64DivMod.o                560
    I64DivZer.o                  2
    cexit.o                     10
    cmain.o                     30
    copy_init3.o                42
    cstartup_M.o                28
    data_init.o                 40
    memchr.o                    88
    strchr.o                    22
    strlen.o                    54
    vector_table_M.o            64
    vectortrap_M.o               2
    ------------------------------------------------
    Total:                   1'060

shb_l.a: [5]
    dwrite.o                    30
    exit.o                      20
    iarttio.o                  124
    iarwrite.o                  34
    iarwstd.o                   32
    write.o                     16
    ------------------------------------------------
    Total:                     256

    Gaps                        28        4
    Linker created                       20    2'048
----------------------------------------------------
    Grand Total:             7'908       48    2'060


*******************************************************************************
*** ENTRY LIST
***

Entry                       Address   Size  Type      Object
-----                       -------   ----  ----      ------
.iar.init_table$$Base    0x800'1e10          --   Gb  - Linker created -
.iar.init_table$$Limit   0x800'1e24          --   Gb  - Linker created -
?main                    0x800'1e95         Code  Gb  cmain.o [4]
BusFault_Handler         0x800'0f0f         Code  Wk  vectortrap_M.o [4]
CSTACK$$Base            0x2000'0010          --   Gb  - Linker created -
CSTACK$$Limit           0x2000'0810          --   Gb  - Linker created -
DebugMon_Handler         0x800'0f0f         Code  Wk  vectortrap_M.o [4]
HardFault_Handler        0x800'0f0f         Code  Wk  vectortrap_M.o [4]
MemManage_Handler        0x800'0f0f         Code  Wk  vectortrap_M.o [4]
NMI_Handler              0x800'0f0f         Code  Wk  vectortrap_M.o [4]
PendSV_Handler           0x800'0f0f         Code  Wk  vectortrap_M.o [4]
Region$$Table$$Base      0x800'1e10          --   Gb  - Linker created -
Region$$Table$$Limit     0x800'1e24          --   Gb  - Linker created -
SVC_Handler              0x800'0f0f         Code  Wk  vectortrap_M.o [4]
SysTick_Handler          0x800'0f0f         Code  Wk  vectortrap_M.o [4]
UsageFault_Handler       0x800'0f0f         Code  Wk  vectortrap_M.o [4]
_LC                      0x800'0041    0x6  Code  Lc  xprintffull_nomb.o [2]
_LitobFullNoMb           0x800'0cd1  0x114  Code  Lc  xprintffull_nomb.o [2]
_PrintfFullNoMb          0x800'0047  0xc76  Code  Gb  xprintffull_nomb.o [2]
_Prout                   0x800'1ee5   0x16  Code  Gb  xprout.o [2]
_PutcharsFullNoMb        0x800'0e3d   0x2e  Code  Lc  xprintffull_nomb.o [2]
__aeabi_cdcmple          0x800'10c9         Code  Gb  DblCmpLe.o [3]
__aeabi_cdrcmple         0x800'10fd         Code  Gb  DblCmpGe.o [3]
__aeabi_d2iz             0x800'126d         Code  Gb  DblToS32.o [3]
__aeabi_d2uiz            0x800'1761         Code  Gb  DblToU32.o [3]
__aeabi_ddiv             0x800'1519         Code  Gb  DblDiv.o [3]
__aeabi_dmul             0x800'17a1         Code  Gb  DblMul.o [3]
__aeabi_dsub             0x800'1435         Code  Gb  DblAddSub.o [3]
__aeabi_f2d              0x800'1d55         Code  Gb  FltToDbl.o [3]
__aeabi_fmul             0x800'1c21         Code  Gb  FltMul.o [3]
__aeabi_i2d              0x800'12a5         Code  Gb  S32ToDbl.o [3]
__aeabi_ldiv0            0x800'1b85         Code  Gb  I64DivZer.o [4]
__aeabi_ui2d             0x800'1785         Code  Gb  U32ToDbl.o [3]
__aeabi_uldivmod         0x800'194d         Code  Gb  I64DivMod.o [4]
__cmain                  0x800'1e95         Code  Gb  cmain.o [4]
__dwrite                 0x800'1e55   0x1e  Code  Gb  dwrite.o [5]
__exit                   0x800'1b89   0x14  Code  Gb  exit.o [5]
__iar_Fail_s             0x800'0f11   0x1c  Code  Gb  xfail_s.o [2]
__iar_Memchr             0x800'0f89         Code  Gb  memchr.o [4]
__iar_Strchr             0x800'0ef9         Code  Gb  strchr.o [4]
__iar_close_ttio         0x800'1b9d   0x2c  Code  Gb  iarttio.o [5]
__iar_copy_init3         0x800'0ecf   0x2a  Code  Gb  copy_init3.o [4]
__iar_data_init3         0x800'1dc5   0x28  Code  Gb  data_init.o [4]
__iar_frexp              0x800'1065         Code  Gb  frexp.o [3]
__iar_frexp64            0x800'1059         Code  Gb  frexp.o [3]
__iar_frexpl             0x800'1065         Code  Gb  frexp.o [3]
__iar_get_ttio           0x800'1bc9   0x4c  Code  Gb  iarttio.o [5]
__iar_ldexp64            0x800'1131         Code  Gb  ldexp.o [3]
__iar_lookup_ttioh       0x800'1c19    0x8  Code  Gb  XShttio.o [2]
__iar_program_start      0x800'1ec9         Code  Gb  cstartup_M.o [4]
__iar_scalbln64          0x800'1131         Code  Gb  ldexp.o [3]
__iar_scalbn64           0x800'1131         Code  Gb  ldexp.o [3]
__iar_sh_stdout          0x800'1e73   0x20  Code  Gb  iarwstd.o [5]
__iar_sh_write           0x800'1ded   0x22  Code  Gb  iarwrite.o [5]
__iar_ttio_handles      0x2000'0000    0x8  Data  Lc  XShttio.o [2]
__iar_unaligned_memcpy   0x800'0fe1         Code  Gb  ABImemcpy_unaligned.o [4]
__iar_unaligned_memcpy4
                         0x800'1001         Code  Gb  ABImemcpy_unaligned.o [4]
__iar_unaligned_memcpy8
                         0x800'1001         Code  Gb  ABImemcpy_unaligned.o [4]
__low_level_init         0x800'1eb3    0x4  Code  Gb  low_level_init.o [2]
__vector_table           0x800'0000         Data  Gb  vector_table_M.o [4]
__write                  0x800'1e45   0x10  Code  Gb  write.o [5]
_call_main               0x800'1ea1         Code  Gb  cmain.o [4]
_exit                    0x800'1ebd         Code  Gb  cexit.o [4]
abort                    0x800'1b7d    0x6  Code  Gb  abort.o [2]
exit                     0x800'1eb7    0x4  Code  Gb  exit.o [2]
frexp                    0x800'1059         Code  Gb  frexp.o [3]
frexpl                   0x800'1059         Code  Gb  frexp.o [3]
ldexp                    0x800'1131         Code  Gb  ldexp.o [3]
ldexpl                   0x800'1131         Code  Gb  ldexp.o [3]
main                     0x800'1d25   0x1a  Code  Gb  main.o [1]
memchr                   0x800'0f89         Code  Gb  memchr.o [4]
printf                   0x800'1d9d   0x28  Code  Gb  printf.o [2]
putchar                  0x800'1e25   0x20  Code  Gb  putchar.o [2]
recap                    0x800'1cf9   0x2c  Code  Gb  main.o [1]
scalbln                  0x800'1131         Code  Gb  ldexp.o [3]
scalblnl                 0x800'1131         Code  Gb  ldexp.o [3]
scalbn                   0x800'1131         Code  Gb  ldexp.o [3]
scalbnl                  0x800'1131         Code  Gb  ldexp.o [3]
scale                    0x800'0de5   0x46  Code  Lc  xprintffull_nomb.o [2]
sec_hand                0x2000'0008    0x4  Data  Lc  xfail_s.o [2]
strchr                   0x800'0ef9         Code  Gb  strchr.o [4]
strlen                   0x800'0f51         Code  Gb  strlen.o [4]


[1] = C:\Users\MARIANO\Desktop\GITHUB_PROJECTS\STM32_Projects\Interfacing DHT11 Temperature & Humidity Sensor with STM32F103C8\Debug\Obj
[2] = dl7M_tln.a
[3] = m7M_tl.a
[4] = rt7M_tl.a
[5] = shb_l.a

  7'908 bytes of readonly  code memory
     48 bytes of readonly  data memory
  2'060 bytes of readwrite data memory

Errors: none
Warnings: none
